** Drc report for _test_no_zone.kicad_pcb **
** Created on 2026-07-24T14:50:35+0000 **

** Found 45 DRC violations **
[lib_footprint_mismatch]: Footprint 'MT3608_Module' does not match copy in library 'MT3608_Module'.
    Local override; warning
    @(161.2500 mm, 87.7500 mm): Footprint U4
[text_height]: Text height out of range (board setup constraints silk text height min height 0.8000 mm; actual 0.7000 mm)
    Rule: board setup constraints silk text height; warning
    @(154.5000 mm, 77.6500 mm): Footprint text of U2 (IN-)
[text_height]: Text height out of range (board setup constraints silk text height min height 0.8000 mm; actual 0.5000 mm)
    Rule: board setup constraints silk text height; warning
    @(153.3500 mm, 100.5000 mm): Footprint text of U2 (OUT-)
[text_height]: Text height out of range (board setup constraints silk text height min height 0.8000 mm; actual 0.5000 mm)
    Rule: board setup constraints silk text height; warning
    @(168.8500 mm, 100.2500 mm): Footprint text of U2 (OUT+)
[text_height]: Text height out of range (board setup constraints silk text height min height 0.8000 mm; actual 0.7000 mm)
    Rule: board setup constraints silk text height; warning
    @(167.5000 mm, 77.6500 mm): Footprint text of U2 (IN+)
[text_height]: Text height out of range (board setup constraints silk text height min height 0.8000 mm; actual 0.5000 mm)
    Rule: board setup constraints silk text height; warning
    @(163.8500 mm, 100.5000 mm): Footprint text of U2 (B+)
[text_height]: Text height out of range (board setup constraints silk text height min height 0.8000 mm; actual 0.5000 mm)
    Rule: board setup constraints silk text height; warning
    @(157.8500 mm, 99.7500 mm): Footprint text of U2 (B-)
[text_height]: Text height out of range (board setup constraints silk text height min height 0.8000 mm; actual 0.7000 mm)
    Rule: board setup constraints silk text height; warning
    @(161.5000 mm, 87.0500 mm): Footprint text of U4 (DC-DC 5V)
[silk_over_copper]: Silkscreen clipped by solder mask
    Local override; warning
    @(193.5000 mm, 77.7500 mm): Rectangle on F.Silkscreen
[silk_over_copper]: Silkscreen clipped by solder mask
    Local override; warning
    @(169.5000 mm, 71.5500 mm): Footprint text of U4 (IN-)
[silk_over_copper]: Silkscreen clipped by solder mask
    Local override; warning
    @(153.5000 mm, 71.5500 mm): Footprint text of U4 (IN+)
[silk_overlap]: Silkscreen overlap
    Rule: board setup constraints silk; warning
    @(168.7500 mm, 113.3000 mm): Reference field of M1
    @(169.1450 mm, 114.0800 mm): Segment on F.Silkscreen
[silk_overlap]: Silkscreen overlap
    Rule: board setup constraints silk; warning
    @(168.7500 mm, 113.3000 mm): Reference field of M1
    @(170.4750 mm, 114.0800 mm): Segment on F.Silkscreen
[silk_overlap]: Silkscreen overlap
    Rule: board setup constraints silk; warning
    @(183.0000 mm, 99.7000 mm): Reference field of SW1
    @(190.9200 mm, 100.0500 mm): Segment on F.Silkscreen
[silk_overlap]: Silkscreen overlap
    Rule: board setup constraints silk; warning
    @(197.1900 mm, 67.0900 mm): Segment on F.Silkscreen
    @(196.7500 mm, 69.0500 mm): Reference field of BT1
[silk_overlap]: Silkscreen overlap
    Rule: board setup constraints silk; warning
    @(197.1900 mm, 68.6900 mm): Segment on F.Silkscreen
    @(196.7500 mm, 69.0500 mm): Reference field of BT1
[silk_overlap]: Silkscreen overlap
    Rule: board setup constraints silk; warning
    @(181.2500 mm, 97.5000 mm): Reference field of R1
    @(185.1900 mm, 97.6200 mm): Segment on B.Silkscreen
[silk_overlap]: Silkscreen overlap
    Rule: board setup constraints silk; warning
    @(154.5000 mm, 112.3900 mm): Arc on B.Silkscreen
    @(153.7500 mm, 114.5000 mm): Reference field of Q2
[silk_overlap]: Silkscreen overlap
    Rule: board setup constraints silk; warning
    @(153.7500 mm, 114.5000 mm): Reference field of Q2
    @(154.5000 mm, 112.3900 mm): Arc on B.Silkscreen
[silk_overlap]: Silkscreen overlap
    Rule: board setup constraints silk; warning
    @(198.4900 mm, 94.5100 mm): Segment on B.Silkscreen
    @(198.2500 mm, 92.7500 mm): Reference field of C6
[silk_overlap]: Silkscreen overlap
    Rule: board setup constraints silk; warning
    @(198.2500 mm, 92.7500 mm): Reference field of C6
    @(198.5300 mm, 94.5100 mm): Segment on B.Silkscreen
[silk_overlap]: Silkscreen overlap
    Rule: board setup constraints silk; warning
    @(198.2500 mm, 92.7500 mm): Reference field of C6
    @(198.5700 mm, 94.5100 mm): Segment on B.Silkscreen
[silk_overlap]: Silkscreen overlap
    Rule: board setup constraints silk; warning
    @(198.6100 mm, 94.5100 mm): Segment on B.Silkscreen
    @(198.2500 mm, 92.7500 mm): Reference field of C6
[silk_overlap]: Silkscreen overlap
    Rule: board setup constraints silk; warning
    @(198.2500 mm, 92.7500 mm): Reference field of C6
    @(198.6500 mm, 94.5100 mm): Segment on B.Silkscreen
[silk_overlap]: Silkscreen overlap
    Rule: board setup constraints silk; warning
    @(198.2500 mm, 92.7500 mm): Reference field of C6
    @(198.6900 mm, 94.5100 mm): Segment on B.Silkscreen
[silk_overlap]: Silkscreen overlap
    Rule: board setup constraints silk; warning
    @(198.7300 mm, 94.5100 mm): Segment on B.Silkscreen
    @(198.2500 mm, 92.7500 mm): Reference field of C6
[silk_overlap]: Silkscreen overlap
    Rule: board setup constraints silk; warning
    @(198.7700 mm, 94.5100 mm): Segment on B.Silkscreen
    @(198.2500 mm, 92.7500 mm): Reference field of C6
[silk_overlap]: Silkscreen overlap
    Rule: board setup constraints silk; warning
    @(198.8100 mm, 94.5100 mm): Segment on B.Silkscreen
    @(198.2500 mm, 92.7500 mm): Reference field of C6
[silk_overlap]: Silkscreen overlap
    Rule: board setup constraints silk; warning
    @(198.8500 mm, 94.5100 mm): Segment on B.Silkscreen
    @(198.2500 mm, 92.7500 mm): Reference field of C6
[silk_overlap]: Silkscreen overlap
    Rule: board setup constraints silk; warning
    @(198.8900 mm, 94.5100 mm): Segment on B.Silkscreen
    @(198.2500 mm, 92.7500 mm): Reference field of C6
[silk_overlap]: Silkscreen overlap
    Rule: board setup constraints silk; warning
    @(198.9300 mm, 94.5100 mm): Segment on B.Silkscreen
    @(198.2500 mm, 92.7500 mm): Reference field of C6
[silk_overlap]: Silkscreen overlap
    Rule: board setup constraints silk; warning
    @(198.9710 mm, 94.5100 mm): Segment on B.Silkscreen
    @(198.2500 mm, 92.7500 mm): Reference field of C6
[silk_overlap]: Silkscreen overlap
    Rule: board setup constraints silk; warning
    @(199.0110 mm, 94.5100 mm): Segment on B.Silkscreen
    @(198.2500 mm, 92.7500 mm): Reference field of C6
[silk_overlap]: Silkscreen overlap
    Rule: board setup constraints silk; warning
    @(198.2500 mm, 92.7500 mm): Reference field of C6
    @(199.0510 mm, 94.5100 mm): Segment on B.Silkscreen
[silk_overlap]: Silkscreen overlap
    Rule: board setup constraints silk; warning
    @(198.2900 mm, 94.5100 mm): Segment on B.Silkscreen
    @(198.2500 mm, 92.7500 mm): Reference field of C6
[silk_overlap]: Silkscreen overlap
    Rule: board setup constraints silk; warning
    @(198.2500 mm, 92.7500 mm): Reference field of C6
    @(198.3300 mm, 94.5100 mm): Segment on B.Silkscreen
[silk_overlap]: Silkscreen overlap
    Rule: board setup constraints silk; warning
    @(198.3700 mm, 94.5100 mm): Segment on B.Silkscreen
    @(198.2500 mm, 92.7500 mm): Reference field of C6
[silk_overlap]: Silkscreen overlap
    Rule: board setup constraints silk; warning
    @(198.4100 mm, 94.5100 mm): Segment on B.Silkscreen
    @(198.2500 mm, 92.7500 mm): Reference field of C6
[silk_overlap]: Silkscreen overlap
    Rule: board setup constraints silk; warning
    @(198.4500 mm, 94.5100 mm): Segment on B.Silkscreen
    @(198.2500 mm, 92.7500 mm): Reference field of C6
[silk_overlap]: Silkscreen overlap
    Rule: board setup constraints silk; warning
    @(178.6500 mm, 82.7300 mm): Segment on B.Silkscreen
    @(181.9200 mm, 82.4200 mm): Reference field of R7
[silk_overlap]: Silkscreen overlap
    Rule: board setup constraints silk; warning
    @(161.5000 mm, 68.0500 mm): Footprint text of U4 (USB-C)
    @(171.2500 mm, 67.7500 mm): Rectangle on B.Silkscreen
[silk_overlap]: Silkscreen overlap
    Rule: board setup constraints silk; warning
    @(181.9200 mm, 86.4700 mm): Reference field of R5
    @(178.6500 mm, 86.7800 mm): Segment on B.Silkscreen
[silk_overlap]: Silkscreen overlap
    Rule: board setup constraints silk; warning
    @(198.2500 mm, 99.3000 mm): Reference field of C5
    @(198.7500 mm, 100.0000 mm): Reference field of C3
[silk_overlap]: Silkscreen overlap
    Rule: board setup constraints silk; warning
    @(185.1900 mm, 93.5700 mm): Segment on B.Silkscreen
    @(180.2500 mm, 93.5000 mm): Reference field of R3
[silk_overlap]: Silkscreen overlap
    Rule: board setup constraints silk; warning
    @(181.9200 mm, 90.5200 mm): Reference field of R4
    @(178.6500 mm, 90.8300 mm): Segment on B.Silkscreen

** Found 41 unconnected pads **
[unconnected_items]: Missing connection between items
    Local override; error
    @(165.5000 mm, 100.2500 mm): PTH pad 1
    @(167.5000 mm, 100.2500 mm): PTH pad 3
[unconnected_items]: Missing connection between items
    Local override; error
    @(211.5000 mm, 69.5000 mm): PTH pad 1
    @(199.2500 mm, 68.5500 mm): PTH pad 1
[unconnected_items]: Missing connection between items
    Local override; error
    @(199.2500 mm, 68.5500 mm): PTH pad 1
    @(167.5000 mm, 100.2500 mm): PTH pad 3
[unconnected_items]: Missing connection between items
    Local override; error
    @(156.5000 mm, 100.2500 mm): PTH pad 2
    @(201.2500 mm, 68.5500 mm): PTH pad 2
[unconnected_items]: Missing connection between items
    Local override; error
    @(197.2500 mm, 89.0000 mm): PTH pad 1
    @(193.5000 mm, 88.9100 mm): PTH pad 5
[unconnected_items]: Missing connection between items
    Local override; error
    @(197.2500 mm, 95.5500 mm): PTH pad 1
    @(197.2500 mm, 89.0000 mm): PTH pad 1
[unconnected_items]: Missing connection between items
    Local override; error
    @(196.2500 mm, 102.5000 mm): PTH pad 2
    @(197.2500 mm, 95.5500 mm): PTH pad 1
[unconnected_items]: Missing connection between items
    Local override; error
    @(153.2500 mm, 105.7500 mm): PTH pad 3
    @(196.2500 mm, 102.5000 mm): PTH pad 2
[unconnected_items]: Missing connection between items
    Local override; error
    @(193.5000 mm, 91.4500 mm): PTH pad 6
    @(193.5000 mm, 93.9900 mm): PTH pad 7
[unconnected_items]: Missing connection between items
    Local override; error
    @(189.5400 mm, 81.3400 mm): PTH pad G
    @(187.0000 mm, 84.1000 mm): PTH pad 2
[unconnected_items]: Missing connection between items
    Local override; error
    @(189.5400 mm, 81.3400 mm): PTH pad G
    @(193.5000 mm, 78.7500 mm): PTH pad 1
[unconnected_items]: Missing connection between items
    Local override; error
    @(193.5000 mm, 93.9900 mm): PTH pad 7
    @(199.2500 mm, 95.5500 mm): PTH pad 2
[unconnected_items]: Missing connection between items
    Local override; error
    @(193.5000 mm, 91.4500 mm): PTH pad 6
    @(199.2500 mm, 89.0000 mm): PTH pad 2
[unconnected_items]: Missing connection between items
    Local override; error
    @(199.2500 mm, 95.5500 mm): PTH pad 2
    @(201.2500 mm, 102.5000 mm): PTH pad 1
[unconnected_items]: Missing connection between items
    Local override; error
    @(169.2500 mm, 105.7500 mm): PTH pad 4
    @(176.7500 mm, 105.5000 mm): PTH pad 1
[unconnected_items]: Missing connection between items
    Local override; error
    @(187.0000 mm, 84.1000 mm): PTH pad 2
    @(193.5000 mm, 91.4500 mm): PTH pad 6
[unconnected_items]: Missing connection between items
    Local override; error
    @(154.5000 mm, 100.2500 mm): PTH pad 4
    @(153.2300 mm, 112.3900 mm): PTH pad 1
[unconnected_items]: Missing connection between items
    Local override; error
    @(193.5000 mm, 93.9900 mm): PTH pad 7
    @(189.2500 mm, 105.5000 mm): PTH pad 1
[unconnected_items]: Missing connection between items
    Local override; error
    @(176.7500 mm, 105.5000 mm): PTH pad 1
    @(189.2500 mm, 105.5000 mm): PTH pad 1
[unconnected_items]: Missing connection between items
    Local override; error
    @(169.2500 mm, 105.7500 mm): PTH pad 4
    @(154.5000 mm, 100.2500 mm): PTH pad 4
[unconnected_items]: Missing connection between items
    Local override; error
    @(169.2500 mm, 69.7500 mm): PTH pad 2
    @(187.0000 mm, 84.1000 mm): PTH pad 2
[unconnected_items]: Missing connection between items
    Local override; error
    @(199.2500 mm, 89.0000 mm): PTH pad 2
    @(225.9600 mm, 72.2500 mm): PTH pad 1
[unconnected_items]: Missing connection between items
    Local override; error
    @(176.8400 mm, 96.2500 mm): PTH pad 1
    @(228.5000 mm, 72.2500 mm): PTH pad 2
[unconnected_items]: Missing connection between items
    Local override; error
    @(173.0150 mm, 112.7500 mm): PTH pad 2
    @(166.8100 mm, 112.2500 mm): PTH pad 2
[unconnected_items]: Missing connection between items
    Local override; error
    @(166.8100 mm, 112.2500 mm): PTH pad 2
    @(155.7700 mm, 112.3900 mm): PTH pad 3
[unconnected_items]: Missing connection between items
    Local override; error
    @(159.1900 mm, 112.2500 mm): PTH pad 1
    @(170.4750 mm, 112.7500 mm): PTH pad 1
[unconnected_items]: Missing connection between items
    Local override; error
    @(176.8400 mm, 88.1500 mm): PTH pad 1
    @(189.5400 mm, 78.8000 mm): PTH pad 5V
[unconnected_items]: Missing connection between items
    Local override; error
    @(170.4750 mm, 112.7500 mm): PTH pad 1
    @(176.8400 mm, 88.1500 mm): PTH pad 1
[unconnected_items]: Missing connection between items
    Local override; error
    @(213.5000 mm, 69.5000 mm): PTH pad 2
    @(189.5400 mm, 78.8000 mm): PTH pad 5V
[unconnected_items]: Missing connection between items
    Local override; error
    @(153.2500 mm, 69.7500 mm): PTH pad 1
    @(176.8400 mm, 88.1500 mm): PTH pad 1
[unconnected_items]: Missing connection between items
    Local override; error
    @(154.5000 mm, 112.3900 mm): PTH pad 2
    @(187.0000 mm, 92.2000 mm): PTH pad 2
[unconnected_items]: Missing connection between items
    Local override; error
    @(187.0000 mm, 96.2500 mm): PTH pad 2
    @(189.5400 mm, 94.0400 mm): PTH pad 1
[unconnected_items]: Missing connection between items
    Local override; error
    @(176.8400 mm, 92.2000 mm): PTH pad 1
    @(189.5400 mm, 88.9600 mm): PTH pad 3
[unconnected_items]: Missing connection between items
    Local override; error
    @(189.5400 mm, 91.5000 mm): PTH pad 2
    @(187.0000 mm, 88.1500 mm): PTH pad 2
[unconnected_items]: Missing connection between items
    Local override; error
    @(187.0000 mm, 88.1500 mm): PTH pad 2
    @(176.8400 mm, 84.1000 mm): PTH pad 1
[unconnected_items]: Missing connection between items
    Local override; error
    @(187.0000 mm, 80.0500 mm): PTH pad 2
    @(189.5400 mm, 86.4200 mm): PTH pad 4
[unconnected_items]: Missing connection between items
    Local override; error
    @(176.8400 mm, 80.0500 mm): PTH pad 1
    @(193.5000 mm, 83.8300 mm): PTH pad 3
[unconnected_items]: Missing connection between items
    Local override; error
    @(176.7500 mm, 110.5000 mm): PTH pad 2
    @(189.2500 mm, 110.5000 mm): PTH pad 2
[unconnected_items]: Missing connection between items
    Local override; error
    @(189.2500 mm, 110.5000 mm): PTH pad 2
    @(189.5400 mm, 96.5800 mm): PTH pad 0
[unconnected_items]: Missing connection between items
    Local override; error
    @(174.3000 mm, 91.5000 mm): PTH pad 10
    @(193.5000 mm, 86.3700 mm): PTH pad 4
[unconnected_items]: Missing connection between items
    Local override; error
    @(174.3000 mm, 78.8000 mm): PTH pad 5
    @(193.5000 mm, 81.2900 mm): PTH pad 2

** Found 0 Footprint errors **

** End of Report **
