ERC report (2026-07-18T21:34:47+0000, Encoding UTF8)

***** Sheet /
[pin_not_connected]: Pin not connected
    ; error
    @(229.87 mm, 142.24 mm): Symbol U3 Pin 20 [GPIO20, Bidirectional, Line]
[pin_not_connected]: Pin not connected
    ; error
    @(229.87 mm, 144.78 mm): Symbol U3 Pin 21 [GPIO21, Bidirectional, Line]
[pin_not_connected]: Pin not connected
    ; error
    @(229.87 mm, 152.40 mm): Symbol U3 Pin G [GND, Power input, Line]
[pin_not_connected]: Pin not connected
    ; error
    @(232.41 mm, 152.40 mm): Symbol #PWR07 Pin 1 [Power input, Line]
[power_pin_not_driven]: Input Power pin not driven by any Output Power pins
    ; error
    @(229.87 mm, 152.40 mm): Symbol U3 Pin G [GND, Power input, Line]
[global_label_dangling]: Global label not connected anywhere else in the schematic
    ; warning
    @(171.45 mm, 148.59 mm): Global Label 'UART_1-RXD'
[pin_not_connected]: Pin not connected
    ; error
    @(180.34 mm, 147.32 mm): Symbol R7 Pin 1 [Passive, Line]
[pin_not_connected]: Pin not connected
    ; error
    @(194.31 mm, 132.08 mm): Symbol U3 Pin 0 [GPIO0, Bidirectional, Line]
[pin_not_connected]: Pin not connected
    ; error
    @(207.01 mm, 106.68 mm): Symbol C3 Pin 2 [Passive, Line]
[lib_symbol_issues]: Symbol 'ESP32-C3_SUPERMINI_TH' not found in symbol library 'ESP32-C3_SUPERMINI_TH'
    ; warning
    @(212.09 mm, 137.16 mm): Symbol U3 [ESP32-C3_SUPERMINI_TH]
[pin_not_connected]: Pin not connected
    ; error
    @(229.87 mm, 134.62 mm): Symbol U3 Pin 8 [GPIO8, Bidirectional, Line]
[pin_not_connected]: Pin not connected
    ; error
    @(229.87 mm, 137.16 mm): Symbol U3 Pin 9 [GPIO9, Bidirectional, Line]
[pin_not_connected]: Pin not connected
    ; error
    @(229.87 mm, 139.70 mm): Symbol U3 Pin 10 [GPIO10, Bidirectional, Line]
[pin_not_connected]: Pin not connected
    ; error
    @(194.31 mm, 134.62 mm): Symbol U3 Pin 1 [GPIO1, Bidirectional, Line]
[global_label_dangling]: Global label not connected anywhere else in the schematic
    ; warning
    @(190.50 mm, 134.62 mm): Global Label 'R4_pin4'
[global_label_dangling]: Global label not connected anywhere else in the schematic
    ; warning
    @(191.77 mm, 138.43 mm): Global Label '1K R'
[pin_not_connected]: Pin not connected
    ; error
    @(194.31 mm, 147.32 mm): Symbol U3 Pin 6 [GPIO6, Bidirectional, Line]
[pin_not_connected]: Pin not connected
    ; error
    @(194.31 mm, 142.24 mm): Symbol U3 Pin 4 [GPIO4, Bidirectional, Line]
[pin_not_connected]: Pin not connected
    ; error
    @(194.31 mm, 137.16 mm): Symbol U3 Pin 2 [GPIO2, Bidirectional, Line]
[pin_not_connected]: Pin not connected
    ; error
    @(194.31 mm, 144.78 mm): Symbol U3 Pin 5 [GPIO5, Bidirectional, Line]
[pin_not_connected]: Pin not connected
    ; error
    @(194.31 mm, 139.70 mm): Symbol U3 Pin 3 [GPIO3, Bidirectional, Line]
[global_label_dangling]: Global label not connected anywhere else in the schematic
    ; warning
    @(195.58 mm, 154.94 mm): Global Label 'UART_1_TXD'
[pin_not_connected]: Pin not connected
    ; error
    @(187.96 mm, 147.32 mm): Symbol R7 Pin 2 [Passive, Line]
[pin_not_connected]: Pin not connected
    ; error
    @(229.87 mm, 127.00 mm): Symbol U3 Pin 3.3 [3V3, Power input, Line]
[pin_not_connected]: Pin not connected
    ; error
    @(229.87 mm, 132.08 mm): Symbol U3 Pin 7 [GPIO7, Bidirectional, Line]
[pin_not_connected]: Pin not connected
    ; error
    @(229.87 mm, 124.46 mm): Symbol U3 Pin 5V [5V, Power input, Line]
[power_pin_not_driven]: Input Power pin not driven by any Output Power pins
    ; error
    @(229.87 mm, 127.00 mm): Symbol U3 Pin 3.3 [3V3, Power input, Line]
[power_pin_not_driven]: Input Power pin not driven by any Output Power pins
    ; error
    @(229.87 mm, 124.46 mm): Symbol U3 Pin 5V [5V, Power input, Line]
[pin_not_connected]: Pin not connected
    ; error
    @(115.57 mm, 35.56 mm): Symbol BT1 Pin 2 [-, Passive, Line]
[pin_not_connected]: Pin not connected
    ; error
    @(142.24 mm, 31.75 mm): Symbol SW2 Pin 2 [B, Passive, Line]
[pin_not_connected]: Pin not connected
    ; error
    @(132.08 mm, 31.75 mm): Symbol SW2 Pin 1 [A, Passive, Line]
[global_label_dangling]: Global label not connected anywhere else in the schematic
    ; warning
    @(153.67 mm, 69.85 mm): Global Label 'collector'
[pin_not_connected]: Pin not connected
    ; error
    @(142.24 mm, 66.04 mm): Symbol D2 Pin 2 [A, Passive, Line]
[pin_not_connected]: Pin not connected
    ; error
    @(151.13 mm, 69.85 mm): Symbol M1 Pin 2 [-, Passive, Line]
[pin_not_connected]: Pin not connected
    ; error
    @(111.76 mm, 92.71 mm): Symbol U1 Pin 1 [GND, Power input, Line]
[power_pin_not_driven]: Input Power pin not driven by any Output Power pins
    ; error
    @(111.76 mm, 102.87 mm): Symbol U1 Pin 5 [VCC, Power input, Line]
[power_pin_not_driven]: Input Power pin not driven by any Output Power pins
    ; error
    @(111.76 mm, 92.71 mm): Symbol U1 Pin 1 [GND, Power input, Line]
[pin_not_connected]: Pin not connected
    ; error
    @(115.57 mm, 27.94 mm): Symbol BT1 Pin 1 [+, Passive, Line]
[global_label_dangling]: Global label not connected anywhere else in the schematic
    ; warning
    @(99.06 mm, 26.67 mm): Global Label 'CELL-'
[global_label_dangling]: Global label not connected anywhere else in the schematic
    ; warning
    @(115.57 mm, 25.40 mm): Global Label 'BT-BAT'
[pin_not_connected]: Pin not connected
    ; error
    @(142.24 mm, 58.42 mm): Symbol D2 Pin 1 [K, Passive, Line]
[pin_not_connected]: Pin not connected
    ; error
    @(151.13 mm, 57.15 mm): Symbol M1 Pin 1 [+, Passive, Line]
[pin_not_connected]: Pin not connected
    ; error
    @(106.68 mm, 105.41 mm): Symbol #PWR011 Pin 1 [Power input, Line]
[pin_not_connected]: Pin not connected
    ; error
    @(106.68 mm, 92.71 mm): Symbol #PWR010 Pin 1 [Power input, Line]
[global_label_dangling]: Global label not connected anywhere else in the schematic
    ; warning
    @(107.95 mm, 99.06 mm): Global Label 'PWRKEY'
[pin_not_connected]: Pin not connected
    ; error
    @(111.76 mm, 100.33 mm): Symbol U1 Pin 4 [PWRKEY, Input, Line]
[pin_not_connected]: Pin not connected
    ; error
    @(111.76 mm, 97.79 mm): Symbol U1 Pin 3 [TXD, Output, Line]
[pin_not_connected]: Pin not connected
    ; error
    @(111.76 mm, 95.25 mm): Symbol U1 Pin 2 [RXD, Input, Line]
[pin_not_driven]: Input pin not driven by any Output pins
    ; error
    @(111.76 mm, 95.25 mm): Symbol U1 Pin 2 [RXD, Input, Line]
[pin_not_driven]: Input pin not driven by any Output pins
    ; error
    @(111.76 mm, 100.33 mm): Symbol U1 Pin 4 [PWRKEY, Input, Line]
[pin_not_connected]: Pin not connected
    ; error
    @(111.76 mm, 102.87 mm): Symbol U1 Pin 5 [VCC, Power input, Line]
[pin_not_connected]: Pin not connected
    ; error
    @(111.76 mm, 105.41 mm): Symbol U1 Pin 6 [GND, Power input, Line]
[pin_not_connected]: Pin not connected
    ; error
    @(111.76 mm, 107.95 mm): Symbol U1 Pin 7 [SLEEP, Input, Line]
[power_pin_not_driven]: Input Power pin not driven by any Output Power pins
    ; error
    @(111.76 mm, 105.41 mm): Symbol U1 Pin 6 [GND, Power input, Line]
[pin_not_driven]: Input pin not driven by any Output pins
    ; error
    @(111.76 mm, 107.95 mm): Symbol U1 Pin 7 [SLEEP, Input, Line]
[pin_not_connected]: Pin not connected
    ; error
    @(242.57 mm, 34.29 mm): Symbol #PWR05 Pin 1 [Power input, Line]
[pin_not_connected]: Pin not connected
    ; error
    @(242.57 mm, 34.29 mm): Symbol #PWR05 Pin 1 [Power input, Line]
[pin_not_connected]: Pin not connected
    ; error
    @(248.92 mm, 27.94 mm): Symbol D1 Pin 1 [K, Passive, Line]
[global_label_dangling]: Global label not connected anywhere else in the schematic
    ; warning
    @(218.44 mm, 80.01 mm): Global Label '+5V_MOD'
[pin_not_connected]: Pin not connected
    ; error
    @(231.14 mm, 67.31 mm): Symbol #PWR04 Pin 1 [Power input, Line]
[pin_not_connected]: Pin not connected
    ; error
    @(219.71 mm, 66.04 mm): Symbol R5 Pin 1 [Passive, Line]
[pin_not_connected]: Pin not connected
    ; error
    @(227.33 mm, 66.04 mm): Symbol R5 Pin 2 [Passive, Line]
[global_label_dangling]: Global label not connected anywhere else in the schematic
    ; warning
    @(267.97 mm, 38.10 mm): Global Label 'Push'
[global_label_dangling]: Global label not connected anywhere else in the schematic
    ; warning
    @(270.51 mm, 27.94 mm): Global Label 'RC'
[pin_not_connected]: Pin not connected
    ; error
    @(267.97 mm, 27.94 mm): Symbol R1 Pin 2 [Passive, Line]
[pin_not_connected]: Pin not connected
    ; error
    @(256.54 mm, 27.94 mm): Symbol D1 Pin 2 [A, Passive, Line]
[pin_not_connected]: Pin not connected
    ; error
    @(265.43 mm, 38.10 mm): Symbol SW1 Pin 2 [2, Passive, Line]
[pin_not_connected]: Pin not connected
    ; error
    @(255.27 mm, 38.10 mm): Symbol SW1 Pin 1 [1, Passive, Line]
[pin_not_connected]: Pin not connected
    ; error
    @(260.35 mm, 27.94 mm): Symbol R1 Pin 1 [Passive, Line]
[pin_not_connected]: Pin not connected
    ; error
    @(217.17 mm, 82.55 mm): Symbol C6 Pin 1 [Passive, Line]
[pin_not_connected]: Pin not connected
    ; error
    @(217.17 mm, 90.17 mm): Symbol C6 Pin 2 [Passive, Line]
[pin_not_connected]: Pin not connected
    ; error
    @(203.20 mm, 82.55 mm): Symbol C5 Pin 1 [Passive, Line]
[pin_not_connected]: Pin not connected
    ; error
    @(203.20 mm, 90.17 mm): Symbol C5 Pin 2 [Passive, Line]
[global_label_dangling]: Global label not connected anywhere else in the schematic
    ; warning
    @(207.01 mm, 55.88 mm): Global Label 'VBAT rail'
[pin_not_connected]: Pin not connected
    ; error
    @(209.55 mm, 55.88 mm): Symbol R4 Pin 1 [Passive, Line]
[pin_not_connected]: Pin not connected
    ; error
    @(217.17 mm, 55.88 mm): Symbol R4 Pin 2 [Passive, Line]
[pin_not_connected]: Pin not connected
    ; error
    @(189.23 mm, 54.61 mm): Symbol Q2 Pin 3 [C, Passive, Line]
[pin_not_connected]: Pin not connected
    ; error
    @(212.09 mm, 95.25 mm): Symbol #PWR06 Pin 1 [Power input, Line]
[pin_not_connected]: Pin not connected
    ; error
    @(207.01 mm, 101.60 mm): Symbol C3 Pin 1 [Passive, Line]
[pin_not_connected]: Pin not connected
    ; error
    @(189.23 mm, 68.58 mm): Symbol #PWR03 Pin 1 [Power input, Line]
[pin_not_connected]: Pin not connected
    ; error
    @(181.61 mm, 59.69 mm): Symbol Q2 Pin 2 [B, Input, Line]
[pin_not_connected]: Pin not connected
    ; error
    @(189.23 mm, 64.77 mm): Symbol Q2 Pin 1 [E, Passive, Line]
[pin_not_connected]: Pin not connected
    ; error
    @(171.45 mm, 59.69 mm): Symbol R3 Pin 1 [Passive, Line]
[pin_not_connected]: Pin not connected
    ; error
    @(179.07 mm, 59.69 mm): Symbol R3 Pin 2 [Passive, Line]
[pin_not_driven]: Input pin not driven by any Output pins
    ; error
    @(181.61 mm, 59.69 mm): Symbol Q2 Pin 2 [B, Input, Line]
[pin_not_connected]: Pin not connected
    ; error
    @(74.93 mm, 104.14 mm): Symbol #PWR09 Pin 1 [Power input, Line]
[pin_not_connected]: Pin not connected
    ; error
    @(71.12 mm, 97.79 mm): Symbol U4 Pin 3 [OUT+, Power output, Line]
[pin_not_connected]: Pin not connected
    ; error
    @(71.12 mm, 102.87 mm): Symbol U4 Pin 4 [OUT-, Passive, Line]
[pin_not_connected]: Pin not connected
    ; error
    @(69.85 mm, 49.53 mm): Symbol #PWR01 Pin 1 [Power input, Line]
[pin_not_connected]: Pin not connected
    ; error
    @(63.50 mm, 44.45 mm): Symbol U2 Pin 3 [OUT+, Power output, Line]
[pin_not_connected]: Pin not connected
    ; error
    @(63.50 mm, 49.53 mm): Symbol U2 Pin 4 [OUT-, Passive, Line]
[power_pin_not_driven]: Input Power pin not driven by any Output Power pins
    ; error
    @(69.85 mm, 49.53 mm): Symbol #PWR01 Pin 1 [Power input, Line]
[pin_not_connected]: Pin not connected
    ; error
    @(36.83 mm, 102.87 mm): Symbol #PWR02 Pin 1 [Power input, Line]
[pin_not_connected]: Pin not connected
    ; error
    @(43.18 mm, 102.87 mm): Symbol U4 Pin 2 [IN-, Passive, Line]
[pin_not_connected]: Pin not connected
    ; error
    @(43.18 mm, 97.79 mm): Symbol U4 Pin 1 [IN+, Power input, Line]
[power_pin_not_driven]: Input Power pin not driven by any Output Power pins
    ; error
    @(43.18 mm, 97.79 mm): Symbol U4 Pin 1 [IN+, Power input, Line]
[pin_not_connected]: Pin not connected
    ; error
    @(52.07 mm, 58.42 mm): Symbol U2 Pin 2 [B-, Passive, Line]
[pin_not_connected]: Pin not connected
    ; error
    @(35.56 mm, 49.53 mm): Symbol U2 Pin 6 [IN-, Passive, Line]
[pin_not_connected]: Pin not connected
    ; error
    @(35.56 mm, 44.45 mm): Symbol U2 Pin 5 [IN+, Power input, Line]
[pin_not_connected]: Pin not connected
    ; error
    @(46.99 mm, 58.42 mm): Symbol U2 Pin 1 [B+, Passive, Line]
[power_pin_not_driven]: Input Power pin not driven by any Output Power pins
    ; error
    @(35.56 mm, 44.45 mm): Symbol U2 Pin 5 [IN+, Power input, Line]

 ** ERC messages: 101  Errors 88  Warnings 13
