ERC report (2026-06-24T15:31:51+0000, Encoding UTF8)

***** Sheet /
[pin_not_connected]: Pin not connected
    ; error
    @(119.38 mm, 91.44 mm): Symbol U1 Pin 1 [GND, Power input, Line]
[pin_not_connected]: Pin not connected
    ; error
    @(119.38 mm, 93.98 mm): Symbol U1 Pin 2 [RXD, Input, Line]
[pin_not_connected]: Pin not connected
    ; error
    @(119.38 mm, 96.52 mm): Symbol U1 Pin 3 [TXD, Output, Line]
[power_pin_not_driven]: Input Power pin not driven by any Output Power pins
    ; error
    @(119.38 mm, 91.44 mm): Symbol U1 Pin 1 [GND, Power input, Line]
[pin_not_driven]: Input pin not driven by any Output pins
    ; error
    @(119.38 mm, 93.98 mm): Symbol U1 Pin 2 [RXD, Input, Line]
[pin_not_connected]: Pin not connected
    ; error
    @(119.38 mm, 101.60 mm): Symbol U1 Pin 5 [VCC, Power input, Line]
[pin_not_connected]: Pin not connected
    ; error
    @(119.38 mm, 104.14 mm): Symbol U1 Pin 6 [GND, Power input, Line]
[pin_not_connected]: Pin not connected
    ; error
    @(119.38 mm, 106.68 mm): Symbol U1 Pin 7 [SLEEP, Input, Line]
[power_pin_not_driven]: Input Power pin not driven by any Output Power pins
    ; error
    @(119.38 mm, 104.14 mm): Symbol U1 Pin 6 [GND, Power input, Line]
[power_pin_not_driven]: Input Power pin not driven by any Output Power pins
    ; error
    @(119.38 mm, 101.60 mm): Symbol U1 Pin 5 [VCC, Power input, Line]
[pin_not_driven]: Input pin not driven by any Output pins
    ; error
    @(119.38 mm, 106.68 mm): Symbol U1 Pin 7 [SLEEP, Input, Line]
[pin_not_connected]: Pin not connected
    ; error
    @(119.38 mm, 99.06 mm): Symbol U1 Pin 4 [PWRKEY, Input, Line]
[pin_not_driven]: Input pin not driven by any Output pins
    ; error
    @(119.38 mm, 99.06 mm): Symbol U1 Pin 4 [PWRKEY, Input, Line]
[lib_symbol_mismatch]: Symbol 'BK_A7670' doesn't match copy in library 'BK_A7670'
    ; warning
    @(127.00 mm, 99.06 mm): Symbol U1 [BK_A7670]

 ** ERC messages: 14  Errors 13  Warnings 1
